// Jest Snapshot v1, https://goo.gl/fbAQLP

exports[`DefaultFooter test copyright support false 1`] = `
<footer
  class="ant-layout-footer"
  style="padding:0"
>
  <footer
    class="ant-pro-global-footer"
  >
    <div
      class="ant-pro-global-footer-links"
    >
      <a
        href="https://twitter.com/novasolutionsys/"
        target="_blank"
        title="twitter"
      >
        <img
          alt="twitter"
          src="[object Object]"
        />
      </a>
      <a
        href="https://www.linkedin.com/company/novasolutionsystems/"
        target="_blank"
        title="linkedin"
      >
        <img
          alt="linkedin"
          src="[object Object]"
        />
      </a>
      <a
        href="https://www.facebook.com/novasolutionsystems/"
        target="_blank"
        title="facebook"
      >
        <img
          alt="facebook"
          src="[object Object]"
        />
      </a>
      <a
        href="https://www.instagram.com/novasolutionsystems/"
        target="_blank"
        title="instagram"
      >
        <img
          alt="instagram"
          src="[object Object]"
        />
      </a>
    </div>
  </footer>
</footer>
`;
